Archive member included because of file (symbol)

c:/winavr-20100110/bin/../lib/gcc/avr/4.3.3/avr5\libgcc.a(_udivmodhi4.o)
                              XXcontrol_KR.o (__udivmodhi4)
c:/winavr-20100110/bin/../lib/gcc/avr/4.3.3/avr5\libgcc.a(_divmodhi4.o)
                              XXcontrol_KR.o (__divmodhi4)
c:/winavr-20100110/bin/../lib/gcc/avr/4.3.3/avr5\libgcc.a(_exit.o)
                              c:/winavr-20100110/bin/../lib/gcc/avr/4.3.3/../../../../avr/lib/avr5/crtm168.o (exit)
c:/winavr-20100110/bin/../lib/gcc/avr/4.3.3/avr5\libgcc.a(_copy_data.o)
                              XXcontrol_KR.o (__do_copy_data)
c:/winavr-20100110/bin/../lib/gcc/avr/4.3.3/avr5\libgcc.a(_clear_bss.o)
                              XXcontrol_KR.o (__do_clear_bss)
c:/winavr-20100110/bin/../lib/gcc/avr/4.3.3/../../../../avr/lib/avr5\libc.a(eerd_block_atmega168.o)
                              XXcontrol_KR.o (__eerd_block_m168)
c:/winavr-20100110/bin/../lib/gcc/avr/4.3.3/../../../../avr/lib/avr5\libc.a(eerd_byte_atmega168.o)
                              XXcontrol_KR.o (__eerd_byte_m168)
c:/winavr-20100110/bin/../lib/gcc/avr/4.3.3/../../../../avr/lib/avr5\libc.a(eewr_byte_atmega168.o)
                              XXcontrol_KR.o (__eewr_byte_m168)

Allocating common symbols
Common symbol       size              file

RxInCollective      0x2               XXcontrol_KR.o
gyroADC             0x6               XXcontrol_KR.o
MotorOut1           0x2               XXcontrol_KR.o
GyroCalibrated      0x1               XXcontrol_KR.o
RxChannel2Start     0x2               XXcontrol_KR.o
RxChannel4          0x2               XXcontrol_KR.o
RxInRoll            0x2               XXcontrol_KR.o
RxInYaw             0x2               XXcontrol_KR.o
MotorOut2           0x2               XXcontrol_KR.o
StickPitchGain      0x2               XXcontrol_KR.o
RxChannel3Start     0x2               XXcontrol_KR.o
MotorOut4           0x2               XXcontrol_KR.o
GainIn              0x6               XXcontrol_KR.o
RxChannel2          0x2               XXcontrol_KR.o
StickRollGain       0x2               XXcontrol_KR.o
MotorOut3           0x2               XXcontrol_KR.o
StickYawGain        0x2               XXcontrol_KR.o
RxInPitch           0x2               XXcontrol_KR.o
Armed               0x1               XXcontrol_KR.o
RxChannel1Start     0x2               XXcontrol_KR.o
GainInADC           0x6               XXcontrol_KR.o
RxChannel4Start     0x2               XXcontrol_KR.o
RxChannel3          0x2               XXcontrol_KR.o
RxChannelsUpdatingFlag
                    0x1               XXcontrol_KR.o
RxChannel1          0x2               XXcontrol_KR.o
ModeDelayCounter    0x2               XXcontrol_KR.o
Config              0xc               XXcontrol_KR.o

Memory Configuration

Name             Origin             Length             Attributes
text             0x00000000         0x00020000         xr
data             0x00800060         0x0000ffa0         rw !x
eeprom           0x00810000         0x00010000         rw !x
fuse             0x00820000         0x00000400         rw !x
lock             0x00830000         0x00000400         rw !x
signature        0x00840000         0x00000400         rw !x
*default*        0x00000000         0xffffffff

Linker script and memory map

Address of section .data set to 0x800100
LOAD c:/winavr-20100110/bin/../lib/gcc/avr/4.3.3/../../../../avr/lib/avr5/crtm168.o
LOAD XXcontrol_KR.o
LOAD c:/winavr-20100110/bin/../lib/gcc/avr/4.3.3/avr5\libgcc.a
LOAD c:/winavr-20100110/bin/../lib/gcc/avr/4.3.3/../../../../avr/lib/avr5\libc.a
LOAD c:/winavr-20100110/bin/../lib/gcc/avr/4.3.3/avr5\libgcc.a

.hash
 *(.hash)

.dynsym
 *(.dynsym)

.dynstr
 *(.dynstr)

.gnu.version
 *(.gnu.version)

.gnu.version_d
 *(.gnu.version_d)

.gnu.version_r
 *(.gnu.version_r)

.rel.init
 *(.rel.init)

.rela.init
 *(.rela.init)

.rel.text
 *(.rel.text)
 *(.rel.text.*)
 *(.rel.gnu.linkonce.t*)

.rela.text
 *(.rela.text)
 *(.rela.text.*)
 *(.rela.gnu.linkonce.t*)

.rel.fini
 *(.rel.fini)

.rela.fini
 *(.rela.fini)

.rel.rodata
 *(.rel.rodata)
 *(.rel.rodata.*)
 *(.rel.gnu.linkonce.r*)

.rela.rodata
 *(.rela.rodata)
 *(.rela.rodata.*)
 *(.rela.gnu.linkonce.r*)

.rel.data
 *(.rel.data)
 *(.rel.data.*)
 *(.rel.gnu.linkonce.d*)

.rela.data
 *(.rela.data)
 *(.rela.data.*)
 *(.rela.gnu.linkonce.d*)

.rel.ctors
 *(.rel.ctors)

.rela.ctors
 *(.rela.ctors)

.rel.dtors
 *(.rel.dtors)

.rela.dtors
 *(.rela.dtors)

.rel.got
 *(.rel.got)

.rela.got
 *(.rela.got)

.rel.bss
 *(.rel.bss)

.rela.bss
 *(.rela.bss)

.rel.plt
 *(.rel.plt)

.rela.plt
 *(.rela.plt)

.text           0x00000000     0x11aa
 *(.vectors)
 .vectors       0x00000000       0x68 c:/winavr-20100110/bin/../lib/gcc/avr/4.3.3/../../../../avr/lib/avr5/crtm168.o
                0x00000000                __vectors
                0x00000000                __vector_default
 *(.vectors)
 *(.progmem.gcc*)
 *(.progmem*)
                0x00000068                . = ALIGN (0x2)
                0x00000068                __trampolines_start = .
 *(.trampolines)
 .trampolines   0x00000068        0x0 linker stubs
 *(.trampolines*)
                0x00000068                __trampolines_end = .
 *(.jumptables)
 *(.jumptables*)
 *(.lowtext)
 *(.lowtext*)
                0x00000068                __ctors_start = .
 *(.ctors)
                0x00000068                __ctors_end = .
                0x00000068                __dtors_start = .
 *(.dtors)
                0x00000068                __dtors_end = .
 SORT(*)(.ctors)
 SORT(*)(.dtors)
 *(.init0)
 .init0         0x00000068        0x0 c:/winavr-20100110/bin/../lib/gcc/avr/4.3.3/../../../../avr/lib/avr5/crtm168.o
                0x00000068                __init
 *(.init0)
 *(.init1)
 *(.init1)
 *(.init2)
 .init2         0x00000068        0xc c:/winavr-20100110/bin/../lib/gcc/avr/4.3.3/../../../../avr/lib/avr5/crtm168.o
 *(.init2)
 *(.init3)
 *(.init3)
 *(.init4)
 .init4         0x00000074       0x16 c:/winavr-20100110/bin/../lib/gcc/avr/4.3.3/avr5\libgcc.a(_copy_data.o)
                0x00000074                __do_copy_data
 .init4         0x0000008a       0x10 c:/winavr-20100110/bin/../lib/gcc/avr/4.3.3/avr5\libgcc.a(_clear_bss.o)
                0x0000008a                __do_clear_bss
 *(.init4)
 *(.init5)
 *(.init5)
 *(.init6)
 *(.init6)
 *(.init7)
 *(.init7)
 *(.init8)
 *(.init8)
 *(.init9)
 .init9         0x0000009a        0x8 c:/winavr-20100110/bin/../lib/gcc/avr/4.3.3/../../../../avr/lib/avr5/crtm168.o
 *(.init9)
 *(.text)
 .text          0x000000a2        0x4 c:/winavr-20100110/bin/../lib/gcc/avr/4.3.3/../../../../avr/lib/avr5/crtm168.o
                0x000000a2                __vector_22
                0x000000a2                __vector_24
                0x000000a2                __vector_12
                0x000000a2                __bad_interrupt
                0x000000a2                __vector_6
                0x000000a2                __vector_23
                0x000000a2                __vector_25
                0x000000a2                __vector_11
                0x000000a2                __vector_13
                0x000000a2                __vector_17
                0x000000a2                __vector_19
                0x000000a2                __vector_7
                0x000000a2                __vector_4
                0x000000a2                __vector_9
                0x000000a2                __vector_21
                0x000000a2                __vector_15
                0x000000a2                __vector_8
                0x000000a2                __vector_14
                0x000000a2                __vector_10
                0x000000a2                __vector_16
                0x000000a2                __vector_18
                0x000000a2                __vector_20
 .text          0x000000a6     0x1066 XXcontrol_KR.o
                0x00000226                Init_ADC
                0x00000324                read_adc
                0x00000776                Set_EEPROM_Default_Config
                0x00000106                __vector_1
                0x000007ec                loop
                0x000004d2                RxGetChannels
                0x00000d32                eeprom_write_byte_changed
                0x000001c6                __vector_3
                0x00000412                CalibrateGyros
                0x000000a6                __vector_5
                0x00000232                ReadGainPots
                0x000007ae                delay_us
                0x00000338                ReadGyros
                0x00000d54                eeprom_write_block_changes
                0x00001102                main
                0x000007c6                delay_ms
                0x0000058e                output_motor_ppm
                0x00000db0                Initial_EEPROM_Config_Load
                0x00000166                __vector_2
                0x00000dde                setup
                0x00000d9a                Save_Config_to_EEPROM
 .text          0x0000110c        0x0 c:/winavr-20100110/bin/../lib/gcc/avr/4.3.3/avr5\libgcc.a(_udivmodhi4.o)
 .text          0x0000110c        0x0 c:/winavr-20100110/bin/../lib/gcc/avr/4.3.3/avr5\libgcc.a(_divmodhi4.o)
 .text          0x0000110c        0x0 c:/winavr-20100110/bin/../lib/gcc/avr/4.3.3/avr5\libgcc.a(_exit.o)
 .text          0x0000110c        0x0 c:/winavr-20100110/bin/../lib/gcc/avr/4.3.3/avr5\libgcc.a(_copy_data.o)
 .text          0x0000110c        0x0 c:/winavr-20100110/bin/../lib/gcc/avr/4.3.3/avr5\libgcc.a(_clear_bss.o)
 .text          0x0000110c        0x0 c:/winavr-20100110/bin/../lib/gcc/avr/4.3.3/../../../../avr/lib/avr5\libc.a(eerd_block_atmega168.o)
 .text          0x0000110c        0x0 c:/winavr-20100110/bin/../lib/gcc/avr/4.3.3/../../../../avr/lib/avr5\libc.a(eerd_byte_atmega168.o)
 .text          0x0000110c        0x0 c:/winavr-20100110/bin/../lib/gcc/avr/4.3.3/../../../../avr/lib/avr5\libc.a(eewr_byte_atmega168.o)
                0x0000110c                . = ALIGN (0x2)
 *(.text.*)
 .text.libgcc   0x0000110c       0x28 c:/winavr-20100110/bin/../lib/gcc/avr/4.3.3/avr5\libgcc.a(_udivmodhi4.o)
                0x0000110c                __udivmodhi4
 .text.libgcc   0x00001134       0x26 c:/winavr-20100110/bin/../lib/gcc/avr/4.3.3/avr5\libgcc.a(_divmodhi4.o)
                0x00001134                __divmodhi4
                0x00001134                _div
 .text.libgcc   0x0000115a        0x0 c:/winavr-20100110/bin/../lib/gcc/avr/4.3.3/avr5\libgcc.a(_exit.o)
 .text.libgcc   0x0000115a        0x0 c:/winavr-20100110/bin/../lib/gcc/avr/4.3.3/avr5\libgcc.a(_copy_data.o)
 .text.libgcc   0x0000115a        0x0 c:/winavr-20100110/bin/../lib/gcc/avr/4.3.3/avr5\libgcc.a(_clear_bss.o)
 .text.avr-libc
                0x0000115a       0x20 c:/winavr-20100110/bin/../lib/gcc/avr/4.3.3/../../../../avr/lib/avr5\libc.a(eerd_block_atmega168.o)
                0x0000115e                __eerd_blraw_m168
                0x0000115a                __eerd_block_m168
 .text.avr-libc
                0x0000117a       0x10 c:/winavr-20100110/bin/../lib/gcc/avr/4.3.3/../../../../avr/lib/avr5\libc.a(eerd_byte_atmega168.o)
                0x0000117a                __eerd_byte_m168
 .text.avr-libc
                0x0000118a       0x1c c:/winavr-20100110/bin/../lib/gcc/avr/4.3.3/../../../../avr/lib/avr5\libc.a(eewr_byte_atmega168.o)
                0x0000118c                __eewr_r18_m168
                0x0000118a                __eewr_byte_m168
                0x000011a6                . = ALIGN (0x2)
 *(.fini9)
 .fini9         0x000011a6        0x0 c:/winavr-20100110/bin/../lib/gcc/avr/4.3.3/avr5\libgcc.a(_exit.o)
                0x000011a6                exit
                0x000011a6                _exit
 *(.fini9)
 *(.fini8)
 *(.fini8)
 *(.fini7)
 *(.fini7)
 *(.fini6)
 *(.fini6)
 *(.fini5)
 *(.fini5)
 *(.fini4)
 *(.fini4)
 *(.fini3)
 *(.fini3)
 *(.fini2)
 *(.fini2)
 *(.fini1)
 *(.fini1)
 *(.fini0)
 .fini0         0x000011a6        0x4 c:/winavr-20100110/bin/../lib/gcc/avr/4.3.3/avr5\libgcc.a(_exit.o)
 *(.fini0)
                0x000011aa                _etext = .

.data           0x00800100        0x2 load address 0x000011aa
                0x00800100                PROVIDE (__data_start, .)
 *(.data)
 .data          0x00800100        0x0 c:/winavr-20100110/bin/../lib/gcc/avr/4.3.3/../../../../avr/lib/avr5/crtm168.o
 .data          0x00800100        0x2 XXcontrol_KR.o
                0x00800100                PWM_Low_Pulse_Interval
 .data          0x00800102        0x0 c:/winavr-20100110/bin/../lib/gcc/avr/4.3.3/avr5\libgcc.a(_udivmodhi4.o)
 .data          0x00800102        0x0 c:/winavr-20100110/bin/../lib/gcc/avr/4.3.3/avr5\libgcc.a(_divmodhi4.o)
 .data          0x00800102        0x0 c:/winavr-20100110/bin/../lib/gcc/avr/4.3.3/avr5\libgcc.a(_exit.o)
 .data          0x00800102        0x0 c:/winavr-20100110/bin/../lib/gcc/avr/4.3.3/avr5\libgcc.a(_copy_data.o)
 .data          0x00800102        0x0 c:/winavr-20100110/bin/../lib/gcc/avr/4.3.3/avr5\libgcc.a(_clear_bss.o)
 .data          0x00800102        0x0 c:/winavr-20100110/bin/../lib/gcc/avr/4.3.3/../../../../avr/lib/avr5\libc.a(eerd_block_atmega168.o)
 .data          0x00800102        0x0 c:/winavr-20100110/bin/../lib/gcc/avr/4.3.3/../../../../avr/lib/avr5\libc.a(eerd_byte_atmega168.o)
 .data          0x00800102        0x0 c:/winavr-20100110/bin/../lib/gcc/avr/4.3.3/../../../../avr/lib/avr5\libc.a(eewr_byte_atmega168.o)
 *(.data*)
 *(.rodata)
 *(.rodata*)
 *(.gnu.linkonce.d*)
                0x00800102                . = ALIGN (0x2)
                0x00800102                _edata = .
                0x00800102                PROVIDE (__data_end, .)

.bss            0x00800102       0x60
                0x00800102                PROVIDE (__bss_start, .)
 *(.bss)
 .bss           0x00800102        0x0 c:/winavr-20100110/bin/../lib/gcc/avr/4.3.3/../../../../avr/lib/avr5/crtm168.o
 .bss           0x00800102       0x17 XXcontrol_KR.o
                0x00800102                gyroZero
                0x00800108                output_motor_high
 .bss           0x00800119        0x0 c:/winavr-20100110/bin/../lib/gcc/avr/4.3.3/avr5\libgcc.a(_udivmodhi4.o)
 .bss           0x00800119        0x0 c:/winavr-20100110/bin/../lib/gcc/avr/4.3.3/avr5\libgcc.a(_divmodhi4.o)
 .bss           0x00800119        0x0 c:/winavr-20100110/bin/../lib/gcc/avr/4.3.3/avr5\libgcc.a(_exit.o)
 .bss           0x00800119        0x0 c:/winavr-20100110/bin/../lib/gcc/avr/4.3.3/avr5\libgcc.a(_copy_data.o)
 .bss           0x00800119        0x0 c:/winavr-20100110/bin/../lib/gcc/avr/4.3.3/avr5\libgcc.a(_clear_bss.o)
 .bss           0x00800119        0x0 c:/winavr-20100110/bin/../lib/gcc/avr/4.3.3/../../../../avr/lib/avr5\libc.a(eerd_block_atmega168.o)
 .bss           0x00800119        0x0 c:/winavr-20100110/bin/../lib/gcc/avr/4.3.3/../../../../avr/lib/avr5\libc.a(eerd_byte_atmega168.o)
 .bss           0x00800119        0x0 c:/winavr-20100110/bin/../lib/gcc/avr/4.3.3/../../../../avr/lib/avr5\libc.a(eewr_byte_atmega168.o)
 *(.bss*)
 *(COMMON)
 COMMON         0x00800119       0x49 XXcontrol_KR.o
                0x00800119                RxInCollective
                0x0080011b                gyroADC
                0x00800121                MotorOut1
                0x00800123                GyroCalibrated
                0x00800124                RxChannel2Start
                0x00800126                RxChannel4
                0x00800128                RxInRoll
                0x0080012a                RxInYaw
                0x0080012c                MotorOut2
                0x0080012e                StickPitchGain
                0x00800130                RxChannel3Start
                0x00800132                MotorOut4
                0x00800134                GainIn
                0x0080013a                RxChannel2
                0x0080013c                StickRollGain
                0x0080013e                MotorOut3
                0x00800140                StickYawGain
                0x00800142                RxInPitch
                0x00800144                Armed
                0x00800145                RxChannel1Start
                0x00800147                GainInADC
                0x0080014d                RxChannel4Start
                0x0080014f                RxChannel3
                0x00800151                RxChannelsUpdatingFlag
                0x00800152                RxChannel1
                0x00800154                ModeDelayCounter
                0x00800156                Config
                0x00800162                PROVIDE (__bss_end, .)
                0x000011aa                __data_load_start = LOADADDR (.data)
                0x000011ac                __data_load_end = (__data_load_start + SIZEOF (.data))

.noinit         0x00800162        0x0
                0x00800162                PROVIDE (__noinit_start, .)
 *(.noinit*)
                0x00800162                PROVIDE (__noinit_end, .)
                0x00800162                _end = .
                0x00800162                PROVIDE (__heap_start, .)

.eeprom         0x00810000        0x0
 *(.eeprom*)
                0x00810000                __eeprom_end = .

.fuse
 *(.fuse)
 *(.lfuse)
 *(.hfuse)
 *(.efuse)

.lock
 *(.lock*)

.signature
 *(.signature*)

.stab
 *(.stab)

.stabstr
 *(.stabstr)

.stab.excl
 *(.stab.excl)

.stab.exclstr
 *(.stab.exclstr)

.stab.index
 *(.stab.index)

.stab.indexstr
 *(.stab.indexstr)

.comment
 *(.comment)

.debug
 *(.debug)

.line
 *(.line)

.debug_srcinfo
 *(.debug_srcinfo)

.debug_sfnames
 *(.debug_sfnames)

.debug_aranges  0x00000000       0x20
 *(.debug_aranges)
 .debug_aranges
                0x00000000       0x20 XXcontrol_KR.o

.debug_pubnames
                0x00000000      0x37a
 *(.debug_pubnames)
 .debug_pubnames
                0x00000000      0x37a XXcontrol_KR.o

.debug_info     0x00000000      0x8f5
 *(.debug_info)
 .debug_info    0x00000000      0x8f5 XXcontrol_KR.o
 *(.gnu.linkonce.wi.*)

.debug_abbrev   0x00000000      0x22b
 *(.debug_abbrev)
 .debug_abbrev  0x00000000      0x22b XXcontrol_KR.o

.debug_line     0x00000000      0xe32
 *(.debug_line)
 .debug_line    0x00000000      0xe32 XXcontrol_KR.o

.debug_frame    0x00000000      0x160
 *(.debug_frame)
 .debug_frame   0x00000000      0x160 XXcontrol_KR.o

.debug_str      0x00000000      0x4fb
 *(.debug_str)
 .debug_str     0x00000000      0x4fb XXcontrol_KR.o
                                0x55d (size before relaxing)

.debug_loc      0x00000000      0x22d
 *(.debug_loc)
 .debug_loc     0x00000000      0x22d XXcontrol_KR.o

.debug_macinfo
 *(.debug_macinfo)
OUTPUT(XXcontroller_KR_v1_1a.elf elf32-avr)
LOAD linker stubs
